// Jest Snapshot v1, https://goo.gl/fbAQLP

exports[`Pruebas en <CounterApp> debe tomar un snaptshot y compararlo 1`] = `
<div>
  <h1>
    Counter App
  </h1>
  <p>
    100
  </p>
  <button
    aria-label="btnSuma"
  >
     +1 
  </button>
  <button>
     -1 
  </button>
  <button
    aria-label="btn-reset"
  >
     reset 
  </button>
</div>
`;
